// Jest Snapshot v1, https://goo.gl/fbAQLP

exports[`renders homepage unchanged 1`] = `
<div>
  <main
    class="page"
  >
    <nav
      class="box"
    >
      <h2
        class="logo"
      >
        S
      </h2>
    </nav>
    <section
      class="slideInfo"
    >
      <div
        class="groupPoint"
      />
      <h1
        class="title"
      >
        Hi
        <br />
        I’m Sebastian
        <br />
        Front-end developer
        <br />
      </h1>
      <div
        class="description"
      />
      <a
        class="btn-basic mr-32"
        href="#"
      >
        View resume
      </a>
      <a
        class="btn-link"
        href="#"
      >
        Github Projects
         
      </a>
    </section>
  </main>
</div>
`;
